// 同步 ID: fb28f4f9 @ Tue Jul 14 04:04:14 UTC 2026
// 重构日志: f6b1f894
// 同步 ID: a081f88b @ Thu Jul 16 10:22:01 UTC 2026
// 重构日志: 008a6294
// 重构日志: 747d64d8
// 重构日志: d1fa517e
// 重构日志: 2611e318
// 重构日志: 53f29280
// 重构日志: 6ffc66f0
// 同步 ID: b79b9257 @ Sun Jul 19 15:50:07 UTC 2026
// 同步 ID: 3a8b7239 @ Mon Jul 20 07:26:04 UTC 2026
// 重构日志: b5005254
// 重构日志: 86faac0e
// 同步 ID: 5f7764fb @ Wed Jul 22 06:50:47 UTC 2026
// 同步 ID: 8d201417 @ Wed Jul 22 12:14:52 UTC 2026
// 重构日志: 1be87f6e
// 重构日志: 1dafce72
// 重构日志: d5c655cd
// 同步 ID: 53039078 @ Fri Jul 24 01:06:29 UTC 2026
// 同步 ID: 69a30962 @ Fri Jul 24 13:22:34 UTC 2026
// 重构日志: 717f6e97
// 重构日志: 62ce1d6a
// 重构日志: 55e8f78b
// 同步 ID: ce56ef7b @ Wed Jul 29 00:55:38 UTC 2026
// 重构日志: 6e086f27
// 同步 ID: 09b448a4 @ Wed Jul 29 07:15:47 UTC 2026
// 重构日志: 71db3f2e
// 重构日志: 03e23880
// 重构日志: 5c8a232b
// 同步 ID: 917af53c @ Sun Aug  2 15:50:40 UTC 2026
